// Vitest Snapshot v1, https://vitest.dev/guide/snapshot.html

exports[`convertDimensions > should add ref properties as uriRefs 1`] = `
[
  {
    "headers": [
      {
        "measureGroupHeader": {
          "items": [
            {
              "measureHeaderItem": {
                "format": "#,##0.00",
                "identifier": "af2Ewj9Re2vK",
                "localIdentifier": "lostMetric",
                "name": "<button>Lost</button> ...",
                "ref": {
                  "uri": "/gdc/md/d20eyb3wfs0xe5l0lfscdnrnyhq1t42q/obj/1283",
                },
                "uri": "/gdc/md/d20eyb3wfs0xe5l0lfscdnrnyhq1t42q/obj/1283",
              },
            },
            {
              "measureHeaderItem": {
                "format": "#,##0.00",
                "identifier": "afSEwRwdbMeQ",
                "localIdentifier": "wonMetric",
                "name": "Won",
                "ref": {
                  "uri": "/gdc/md/d20eyb3wfs0xe5l0lfscdnrnyhq1t42q/obj/1284",
                },
                "uri": "/gdc/md/d20eyb3wfs0xe5l0lfscdnrnyhq1t42q/obj/1284",
              },
            },
            {
              "measureHeaderItem": {
                "format": "#,##0.00",
                "identifier": "alUEwmBtbwSh",
                "localIdentifier": "expectedMetric",
                "name": "Expected",
                "ref": {
                  "uri": "/gdc/md/d20eyb3wfs0xe5l0lfscdnrnyhq1t42q/obj/1285",
                },
                "uri": "/gdc/md/d20eyb3wfs0xe5l0lfscdnrnyhq1t42q/obj/1285",
              },
            },
          ],
          "totalItems": undefined,
        },
      },
    ],
  },
  {
    "headers": [
      {
        "attributeHeader": {
          "formOf": {
            "identifier": "created",
            "name": "Year created",
            "ref": {
              "uri": "/gdc/md/d20eyb3wfs0xe5l0lfscdnrnyhq1t42q/obj/157",
            },
            "uri": "/gdc/md/d20eyb3wfs0xe5l0lfscdnrnyhq1t42q/obj/157",
          },
          "identifier": "created.aag81lMifn6q",
          "localIdentifier": "yearCreatedAttribute",
          "name": "Year (Created)",
          "ref": {
            "uri": "/gdc/md/d20eyb3wfs0xe5l0lfscdnrnyhq1t42q/obj/158",
          },
          "uri": "/gdc/md/d20eyb3wfs0xe5l0lfscdnrnyhq1t42q/obj/158",
        },
      },
    ],
  },
]
`;
